_chewing_aux_Check
_chewing_aux_Length
_chewing_aux_String
_chewing_aux_String_static
_chewing_bopomofo_Check
_chewing_bopomofo_String
_chewing_bopomofo_String_static
_chewing_buffer_Check
_chewing_buffer_Len
_chewing_buffer_String
_chewing_buffer_String_static
_chewing_cand_CheckDone
_chewing_cand_ChoicePerPage
_chewing_cand_choose_by_index
_chewing_cand_close
_chewing_cand_CurrentPage
_chewing_cand_Enumerate
_chewing_cand_hasNext
_chewing_cand_list_first
_chewing_cand_list_has_next
_chewing_cand_list_has_prev
_chewing_cand_list_last
_chewing_cand_list_next
_chewing_cand_list_prev
_chewing_cand_open
_chewing_cand_String
_chewing_cand_string_by_index_static
_chewing_cand_String_static
_chewing_cand_TotalChoice
_chewing_cand_TotalPage
_chewing_clean_bopomofo_buf
_chewing_clean_preedit_buf
_chewing_commit_Check
_chewing_commit_preedit_buf
_chewing_commit_String
_chewing_commit_String_static
_chewing_Configure
_chewing_cursor_Current
_chewing_delete
_chewing_free
_chewing_get_addPhraseDirection
_chewing_get_autoLearn
_chewing_get_autoShiftCur
_chewing_get_candPerPage
_chewing_get_ChiEngMode
_chewing_get_easySymbolInput
_chewing_get_escCleanAllBuf
_chewing_get_hsuSelKeyType
_chewing_get_KBString
_chewing_get_KBType
_chewing_get_maxChiSymbolLen
_chewing_get_phoneSeq
_chewing_get_phoneSeqLen
_chewing_get_phraseChoiceRearward
_chewing_get_selKey
_chewing_get_ShapeMode
_chewing_get_spaceAsSelection
_chewing_handle_Backspace
_chewing_handle_Capslock
_chewing_handle_CtrlNum
_chewing_handle_DblTab
_chewing_handle_Default
_chewing_handle_Del
_chewing_handle_Down
_chewing_handle_End
_chewing_handle_Enter
_chewing_handle_Esc
_chewing_handle_Home
_chewing_handle_Left
_chewing_handle_Numlock
_chewing_handle_PageDown
_chewing_handle_PageUp
_chewing_handle_Right
_chewing_handle_ShiftLeft
_chewing_handle_ShiftRight
_chewing_handle_ShiftSpace
_chewing_handle_Space
_chewing_handle_Tab
_chewing_handle_Up
_chewing_Init
_chewing_interval_Enumerate
_chewing_interval_Get
_chewing_interval_hasNext
_chewing_KBStr2Num
_chewing_kbtype_Enumerate
_chewing_kbtype_hasNext
_chewing_kbtype_String
_chewing_kbtype_String_static
_chewing_kbtype_Total
_chewing_keystroke_CheckAbsorb
_chewing_keystroke_CheckIgnore
_chewing_new
_chewing_new2
_chewing_phone_to_bopomofo
_chewing_Reset
_chewing_set_addPhraseDirection
_chewing_set_autoLearn
_chewing_set_autoShiftCur
_chewing_set_candPerPage
_chewing_set_ChiEngMode
_chewing_set_easySymbolInput
_chewing_set_escCleanAllBuf
_chewing_set_hsuSelKeyType
_chewing_set_KBType
_chewing_set_logger
_chewing_set_maxChiSymbolLen
_chewing_set_phraseChoiceRearward
_chewing_set_selKey
_chewing_set_ShapeMode
_chewing_set_spaceAsSelection
_chewing_Terminate
_chewing_userphrase_add
_chewing_userphrase_enumerate
_chewing_userphrase_get
_chewing_userphrase_has_next
_chewing_userphrase_lookup
_chewing_userphrase_remove
_chewing_zuin_Check
_chewing_zuin_String
_chewing_ack
_chewing_config_has_option
_chewing_config_set_int
_chewing_config_get_int
_chewing_config_set_str
_chewing_config_get_str
_chewing_version
_chewing_version_major
_chewing_version_minor
_chewing_version_patch
_chewing_version_extra